MPLINK 4.46, Linker
Linker Map File - Created Wed Jun 12 01:16:18 2013

                                 Section Info
                  Section       Type    Address   Location Size(Bytes)
                ---------  ---------  ---------  ---------  ---------
               _entry_scn       code   0x002000    program   0x000006
       .code__user_putc.o       code   0x002006    program   0x000002
    HIGH_INTERRUPT_VECTOR       code   0x002008    program   0x000006
           .code___init.o       code   0x00200e    program   0x000002
        .idata___init.o_i    romdata   0x002010    program   0x000000
       .romdata_teclado.o    romdata   0x002010    program   0x000000
       .idata_teclado.o_i    romdata   0x002010    program   0x000000
        .romdata___init.o    romdata   0x002010    program   0x000000
         .romdata_delay.o    romdata   0x002010    program   0x000000
         .idata_delay.o_i    romdata   0x002010    program   0x000000
    .idata__user_putc.o_i    romdata   0x002010    program   0x000000
          .code_startup.o       code   0x002010    program   0x000000
       .romdata_startup.o    romdata   0x002010    program   0x000000
       .idata_startup.o_i    romdata   0x002010    program   0x000000
    .romdata__user_putc.o    romdata   0x002010    program   0x000000
     LOW_INTERRUPT_VECTOR       code   0x002018    program   0x000006
                   .cinit    romdata   0x00201e    program   0x00000e
             .code_main.o       code   0x00202c    program   0x00028c
          .code_teclado.o       code   0x0022b8    program   0x0000fe
               _cinit_scn       code   0x0023b6    program   0x00009e
            .code_delay.o       code   0x002454    program   0x000090
             _startup_scn       code   0x0024e4    program   0x000038
                    .code       code   0x00251c    program   0x000020
          .romdata_main.o    romdata   0x00253c    program   0x000010
          .idata_main.o_i    romdata   0x00254c    program   0x000009
         .udata_startup.o      udata   0x000000       data   0x00000e
            .idata_main.o      idata   0x00000e       data   0x000009
            .udata_main.o      udata   0x000017       data   0x000004
                 .tmpdata      udata   0x00001b       data   0x000002
         .idata_startup.o      idata   0x00001d       data   0x000000
           .udata_delay.o      udata   0x00001d       data   0x000000
           .idata_delay.o      idata   0x00001d       data   0x000000
         .udata_teclado.o      udata   0x00001d       data   0x000000
         .idata_teclado.o      idata   0x00001d       data   0x000000
          .udata___init.o      udata   0x00001d       data   0x000000
          .idata___init.o      idata   0x00001d       data   0x000000
      .udata__user_putc.o      udata   0x00001d       data   0x000000
      .idata__user_putc.o      idata   0x00001d       data   0x000000
                   .stack      udata   0x000700       data   0x000100
            SFR_UNBANKED0      udata   0x000f62       data   0x00009e



                              Program Memory Usage 
                               Start         End      
                           ---------   ---------      
                            0x002000    0x00200f      
                            0x002018    0x002554      
            1357 out of 24576 program addresses used, program memory utilization is 5%



                              Symbols - Sorted by Name
                     Name    Address   Location    Storage File                     
                ---------  ---------  ---------  --------- ---------                
        HighInterruptHook   0x002008    program     extern C:\Proyectos_PIC\main.c  
          HighPriorityISR   0x0020ac    program     extern C:\Proyectos_PIC\main.c  
                   KB_Get   0x0023a8    program     extern C:\Proyectos_PIC\teclado.c
                   KB_Hit   0x0022c2    program     extern C:\Proyectos_PIC\teclado.c
                  KB_Read   0x0022d2    program     extern C:\Proyectos_PIC\teclado.c
                  KB_Wait   0x0022b8    program     extern C:\Proyectos_PIC\teclado.c
         LowInterruptHook   0x002018    program     extern C:\Proyectos_PIC\main.c  
           LowPriorityISR   0x0020be    program     extern C:\Proyectos_PIC\main.c  
             StepperMotor   0x00202c    program     extern C:\Proyectos_PIC\main.c  
                  Teclado   0x0021fa    program     extern C:\Proyectos_PIC\main.c  
 USBOverlayCommandHandler   0x0020e4    program     extern C:\Proyectos_PIC\main.c  
       ___return_lbl00000   0x002004    program     static                          
       ___return_lbl00001   0x00251a    program     static                          
       ___return_lbl00002   0x002452    program     static                          
       ___return_lbl00006   0x00200c    program     static                          
       ___return_lbl00007   0x00201c    program     static                          
                   __init   0x00200e    program     extern E:\3.45\pic18-lt\cxx-framework\src\extended\stdclib\__init.c
            __zero_memory   0x00251c    program     extern E:\3.45\pic18-lt\cxx-framework\src\extended\proc\p18f4553.asm
                _do_cinit   0x0023b6    program     extern C:\Proyectos_PIC\startup.c
                   _entry   0x002000    program     extern C:\Proyectos_PIC\startup.c
                 _startup   0x0024e4    program     extern C:\Proyectos_PIC\startup.c
               _user_putc   0x002006    program     extern E:\3.45\pic18-lt\cxx-framework\src\extended\stdclib\_user_putc.c
                compare_l   0x002532    program     static E:\3.45\pic18-lt\cxx-framework\src\extended\proc\p18f4553.asm
                copy_loop   0x002428    program     static                          
            copy_one_byte   0x00242e    program     static                          
               delay_10us   0x0024ac    program     extern C:\Proyectos_PIC\delay.c 
                 delay_ms   0x002454    program     extern C:\Proyectos_PIC\delay.c 
                     done   0x002452    program     static                          
             done_copying   0x00243c    program     static                          
                   loop_h   0x00252a    program     static E:\3.45\pic18-lt\cxx-framework\src\extended\proc\p18f4553.asm
                   loop_l   0x002534    program     static E:\3.45\pic18-lt\cxx-framework\src\extended\proc\p18f4553.asm
                     main   0x002250    program     extern C:\Proyectos_PIC\main.c  
                     test   0x0023d0    program     static                          
        ucTeclaPresionada   0x00253c    program     extern C:\Proyectos_PIC\main.c  
               zero_block   0x00252a    program     static E:\3.45\pic18-lt\cxx-framework\src\extended\proc\p18f4553.asm
                   ADCON0   0x000fc2       data     extern E:\3.45\pic18-lt\cxx-framework\src\extended\proc\p18f4553.asm
               ADCON0bits   0x000fc2       data     extern E:\3.45\pic18-lt\cxx-framework\src\extended\proc\p18f4553.asm
                   ADCON1   0x000fc1       data     extern E:\3.45\pic18-lt\cxx-framework\src\extended\proc\p18f4553.asm
               ADCON1bits   0x000fc1       data     extern E:\3.45\pic18-lt\cxx-framework\src\extended\proc\p18f4553.asm
                   ADCON2   0x000fc0       data     extern E:\3.45\pic18-lt\cxx-framework\src\extended\proc\p18f4553.asm
               ADCON2bits   0x000fc0       data     extern E:\3.45\pic18-lt\cxx-framework\src\extended\proc\p18f4553.asm
                    ADRES   0x000fc3       data     extern E:\3.45\pic18-lt\cxx-framework\src\extended\proc\p18f4553.asm
                   ADRESH   0x000fc4       data     extern E:\3.45\pic18-lt\cxx-framework\src\extended\proc\p18f4553.asm
                   ADRESL   0x000fc3       data     extern E:\3.45\pic18-lt\cxx-framework\src\extended\proc\p18f4553.asm
                  BAUDCON   0x000fb8       data     extern E:\3.45\pic18-lt\cxx-framework\src\extended\proc\p18f4553.asm
              BAUDCONbits   0x000fb8       data     extern E:\3.45\pic18-lt\cxx-framework\src\extended\proc\p18f4553.asm
                  BAUDCTL   0x000fb8       data     extern E:\3.45\pic18-lt\cxx-framework\src\extended\proc\p18f4553.asm
              BAUDCTLbits   0x000fb8       data     extern E:\3.45\pic18-lt\cxx-framework\src\extended\proc\p18f4553.asm
                      BSR   0x000fe0       data     extern E:\3.45\pic18-lt\cxx-framework\src\extended\proc\p18f4553.asm
                   CCP1AS   0x000fb6       data     extern E:\3.45\pic18-lt\cxx-framework\src\extended\proc\p18f4553.asm
               CCP1ASbits   0x000fb6       data     extern E:\3.45\pic18-lt\cxx-framework\src\extended\proc\p18f4553.asm
                  CCP1CON   0x000fbd       data     extern E:\3.45\pic18-lt\cxx-framework\src\extended\proc\p18f4553.asm
              CCP1CONbits   0x000fbd       data     extern E:\3.45\pic18-lt\cxx-framework\src\extended\proc\p18f4553.asm
                  CCP1DEL   0x000fb7       data     extern E:\3.45\pic18-lt\cxx-framework\src\extended\proc\p18f4553.asm
              CCP1DELbits   0x000fb7       data     extern E:\3.45\pic18-lt\cxx-framework\src\extended\proc\p18f4553.asm
                  CCP2CON   0x000fba       data     extern E:\3.45\pic18-lt\cxx-framework\src\extended\proc\p18f4553.asm
              CCP2CONbits   0x000fba       data     extern E:\3.45\pic18-lt\cxx-framework\src\extended\proc\p18f4553.asm
                    CCPR1   0x000fbe       data     extern E:\3.45\pic18-lt\cxx-framework\src\extended\proc\p18f4553.asm
                   CCPR1H   0x000fbf       data     extern E:\3.45\pic18-lt\cxx-framework\src\extended\proc\p18f4553.asm
                   CCPR1L   0x000fbe       data     extern E:\3.45\pic18-lt\cxx-framework\src\extended\proc\p18f4553.asm
                    CCPR2   0x000fbb       data     extern E:\3.45\pic18-lt\cxx-framework\src\extended\proc\p18f4553.asm
                   CCPR2H   0x000fbc       data     extern E:\3.45\pic18-lt\cxx-framework\src\extended\proc\p18f4553.asm
                   CCPR2L   0x000fbb       data     extern E:\3.45\pic18-lt\cxx-framework\src\extended\proc\p18f4553.asm
                    CMCON   0x000fb4       data     extern E:\3.45\pic18-lt\cxx-framework\src\extended\proc\p18f4553.asm
                CMCONbits   0x000fb4       data     extern E:\3.45\pic18-lt\cxx-framework\src\extended\proc\p18f4553.asm
                   CVRCON   0x000fb5       data     extern E:\3.45\pic18-lt\cxx-framework\src\extended\proc\p18f4553.asm
               CVRCONbits   0x000fb5       data     extern E:\3.45\pic18-lt\cxx-framework\src\extended\proc\p18f4553.asm
                     DDRA   0x000f92       data     extern E:\3.45\pic18-lt\cxx-framework\src\extended\proc\p18f4553.asm
                 DDRAbits   0x000f92       data     extern E:\3.45\pic18-lt\cxx-framework\src\extended\proc\p18f4553.asm
                     DDRB   0x000f93       data     extern E:\3.45\pic18-lt\cxx-framework\src\extended\proc\p18f4553.asm
                 DDRBbits   0x000f93       data     extern E:\3.45\pic18-lt\cxx-framework\src\extended\proc\p18f4553.asm
                     DDRC   0x000f94       data     extern E:\3.45\pic18-lt\cxx-framework\src\extended\proc\p18f4553.asm
                 DDRCbits   0x000f94       data     extern E:\3.45\pic18-lt\cxx-framework\src\extended\proc\p18f4553.asm
                     DDRD   0x000f95       data     extern E:\3.45\pic18-lt\cxx-framework\src\extended\proc\p18f4553.asm
                 DDRDbits   0x000f95       data     extern E:\3.45\pic18-lt\cxx-framework\src\extended\proc\p18f4553.asm
                     DDRE   0x000f96       data     extern E:\3.45\pic18-lt\cxx-framework\src\extended\proc\p18f4553.asm
                 DDREbits   0x000f96       data     extern E:\3.45\pic18-lt\cxx-framework\src\extended\proc\p18f4553.asm
                  ECCP1AS   0x000fb6       data     extern E:\3.45\pic18-lt\cxx-framework\src\extended\proc\p18f4553.asm
              ECCP1ASbits   0x000fb6       data     extern E:\3.45\pic18-lt\cxx-framework\src\extended\proc\p18f4553.asm
                 ECCP1CON   0x000fbd       data     extern E:\3.45\pic18-lt\cxx-framework\src\extended\proc\p18f4553.asm
             ECCP1CONbits   0x000fbd       data     extern E:\3.45\pic18-lt\cxx-framework\src\extended\proc\p18f4553.asm
                 ECCP1DEL   0x000fb7       data     extern E:\3.45\pic18-lt\cxx-framework\src\extended\proc\p18f4553.asm
             ECCP1DELbits   0x000fb7       data     extern E:\3.45\pic18-lt\cxx-framework\src\extended\proc\p18f4553.asm
                    EEADR   0x000fa9       data     extern E:\3.45\pic18-lt\cxx-framework\src\extended\proc\p18f4553.asm
                   EECON1   0x000fa6       data     extern E:\3.45\pic18-lt\cxx-framework\src\extended\proc\p18f4553.asm
               EECON1bits   0x000fa6       data     extern E:\3.45\pic18-lt\cxx-framework\src\extended\proc\p18f4553.asm
                   EECON2   0x000fa7       data     extern E:\3.45\pic18-lt\cxx-framework\src\extended\proc\p18f4553.asm
                   EEDATA   0x000fa8       data     extern E:\3.45\pic18-lt\cxx-framework\src\extended\proc\p18f4553.asm
                     FSR0   0x000fe9       data     extern E:\3.45\pic18-lt\cxx-framework\src\extended\proc\p18f4553.asm
                    FSR0H   0x000fea       data     extern E:\3.45\pic18-lt\cxx-framework\src\extended\proc\p18f4553.asm
                    FSR0L   0x000fe9       data     extern E:\3.45\pic18-lt\cxx-framework\src\extended\proc\p18f4553.asm
                     FSR1   0x000fe1       data     extern E:\3.45\pic18-lt\cxx-framework\src\extended\proc\p18f4553.asm
                    FSR1H   0x000fe2       data     extern E:\3.45\pic18-lt\cxx-framework\src\extended\proc\p18f4553.asm
                    FSR1L   0x000fe1       data     extern E:\3.45\pic18-lt\cxx-framework\src\extended\proc\p18f4553.asm
                     FSR2   0x000fd9       data     extern E:\3.45\pic18-lt\cxx-framework\src\extended\proc\p18f4553.asm
                    FSR2H   0x000fda       data     extern E:\3.45\pic18-lt\cxx-framework\src\extended\proc\p18f4553.asm
                    FSR2L   0x000fd9       data     extern E:\3.45\pic18-lt\cxx-framework\src\extended\proc\p18f4553.asm
                  HLVDCON   0x000fd2       data     extern E:\3.45\pic18-lt\cxx-framework\src\extended\proc\p18f4553.asm
              HLVDCONbits   0x000fd2       data     extern E:\3.45\pic18-lt\cxx-framework\src\extended\proc\p18f4553.asm
                    INDF0   0x000fef       data     extern E:\3.45\pic18-lt\cxx-framework\src\extended\proc\p18f4553.asm
                    INDF1   0x000fe7       data     extern E:\3.45\pic18-lt\cxx-framework\src\extended\proc\p18f4553.asm
                    INDF2   0x000fdf       data     extern E:\3.45\pic18-lt\cxx-framework\src\extended\proc\p18f4553.asm
                   INTCON   0x000ff2       data     extern E:\3.45\pic18-lt\cxx-framework\src\extended\proc\p18f4553.asm
                  INTCON2   0x000ff1       data     extern E:\3.45\pic18-lt\cxx-framework\src\extended\proc\p18f4553.asm
              INTCON2bits   0x000ff1       data     extern E:\3.45\pic18-lt\cxx-framework\src\extended\proc\p18f4553.asm
                  INTCON3   0x000ff0       data     extern E:\3.45\pic18-lt\cxx-framework\src\extended\proc\p18f4553.asm
              INTCON3bits   0x000ff0       data     extern E:\3.45\pic18-lt\cxx-framework\src\extended\proc\p18f4553.asm
               INTCONbits   0x000ff2       data     extern E:\3.45\pic18-lt\cxx-framework\src\extended\proc\p18f4553.asm
                     IPR1   0x000f9f       data     extern E:\3.45\pic18-lt\cxx-framework\src\extended\proc\p18f4553.asm
                 IPR1bits   0x000f9f       data     extern E:\3.45\pic18-lt\cxx-framework\src\extended\proc\p18f4553.asm
                     IPR2   0x000fa2       data     extern E:\3.45\pic18-lt\cxx-framework\src\extended\proc\p18f4553.asm
                 IPR2bits   0x000fa2       data     extern E:\3.45\pic18-lt\cxx-framework\src\extended\proc\p18f4553.asm
                     LATA   0x000f89       data     extern E:\3.45\pic18-lt\cxx-framework\src\extended\proc\p18f4553.asm
                 LATAbits   0x000f89       data     extern E:\3.45\pic18-lt\cxx-framework\src\extended\proc\p18f4553.asm
                     LATB   0x000f8a       data     extern E:\3.45\pic18-lt\cxx-framework\src\extended\proc\p18f4553.asm
                 LATBbits   0x000f8a       data     extern E:\3.45\pic18-lt\cxx-framework\src\extended\proc\p18f4553.asm
                     LATC   0x000f8b       data     extern E:\3.45\pic18-lt\cxx-framework\src\extended\proc\p18f4553.asm
                 LATCbits   0x000f8b       data     extern E:\3.45\pic18-lt\cxx-framework\src\extended\proc\p18f4553.asm
                     LATD   0x000f8c       data     extern E:\3.45\pic18-lt\cxx-framework\src\extended\proc\p18f4553.asm
                 LATDbits   0x000f8c       data     extern E:\3.45\pic18-lt\cxx-framework\src\extended\proc\p18f4553.asm
                     LATE   0x000f8d       data     extern E:\3.45\pic18-lt\cxx-framework\src\extended\proc\p18f4553.asm
                 LATEbits   0x000f8d       data     extern E:\3.45\pic18-lt\cxx-framework\src\extended\proc\p18f4553.asm
                   LVDCON   0x000fd2       data     extern E:\3.45\pic18-lt\cxx-framework\src\extended\proc\p18f4553.asm
               LVDCONbits   0x000fd2       data     extern E:\3.45\pic18-lt\cxx-framework\src\extended\proc\p18f4553.asm
                   OSCCON   0x000fd3       data     extern E:\3.45\pic18-lt\cxx-framework\src\extended\proc\p18f4553.asm
               OSCCONbits   0x000fd3       data     extern E:\3.45\pic18-lt\cxx-framework\src\extended\proc\p18f4553.asm
                  OSCTUNE   0x000f9b       data     extern E:\3.45\pic18-lt\cxx-framework\src\extended\proc\p18f4553.asm
              OSCTUNEbits   0x000f9b       data     extern E:\3.45\pic18-lt\cxx-framework\src\extended\proc\p18f4553.asm
                       PC   0x000ff9       data     extern E:\3.45\pic18-lt\cxx-framework\src\extended\proc\p18f4553.asm
                      PCL   0x000ff9       data     extern E:\3.45\pic18-lt\cxx-framework\src\extended\proc\p18f4553.asm
                   PCLATH   0x000ffa       data     extern E:\3.45\pic18-lt\cxx-framework\src\extended\proc\p18f4553.asm
                   PCLATU   0x000ffb       data     extern E:\3.45\pic18-lt\cxx-framework\src\extended\proc\p18f4553.asm
                     PIE1   0x000f9d       data     extern E:\3.45\pic18-lt\cxx-framework\src\extended\proc\p18f4553.asm
                 PIE1bits   0x000f9d       data     extern E:\3.45\pic18-lt\cxx-framework\src\extended\proc\p18f4553.asm
                     PIE2   0x000fa0       data     extern E:\3.45\pic18-lt\cxx-framework\src\extended\proc\p18f4553.asm
                 PIE2bits   0x000fa0       data     extern E:\3.45\pic18-lt\cxx-framework\src\extended\proc\p18f4553.asm
                     PIR1   0x000f9e       data     extern E:\3.45\pic18-lt\cxx-framework\src\extended\proc\p18f4553.asm
                 PIR1bits   0x000f9e       data     extern E:\3.45\pic18-lt\cxx-framework\src\extended\proc\p18f4553.asm
                     PIR2   0x000fa1       data     extern E:\3.45\pic18-lt\cxx-framework\src\extended\proc\p18f4553.asm
                 PIR2bits   0x000fa1       data     extern E:\3.45\pic18-lt\cxx-framework\src\extended\proc\p18f4553.asm
                   PLUSW0   0x000feb       data     extern E:\3.45\pic18-lt\cxx-framework\src\extended\proc\p18f4553.asm
                   PLUSW1   0x000fe3       data     extern E:\3.45\pic18-lt\cxx-framework\src\extended\proc\p18f4553.asm
                   PLUSW2   0x000fdb       data     extern E:\3.45\pic18-lt\cxx-framework\src\extended\proc\p18f4553.asm
                    PORTA   0x000f80       data     extern E:\3.45\pic18-lt\cxx-framework\src\extended\proc\p18f4553.asm
                PORTAbits   0x000f80       data     extern E:\3.45\pic18-lt\cxx-framework\src\extended\proc\p18f4553.asm
                    PORTB   0x000f81       data     extern E:\3.45\pic18-lt\cxx-framework\src\extended\proc\p18f4553.asm
                PORTBbits   0x000f81       data     extern E:\3.45\pic18-lt\cxx-framework\src\extended\proc\p18f4553.asm
                    PORTC   0x000f82       data     extern E:\3.45\pic18-lt\cxx-framework\src\extended\proc\p18f4553.asm
                PORTCbits   0x000f82       data     extern E:\3.45\pic18-lt\cxx-framework\src\extended\proc\p18f4553.asm
                    PORTD   0x000f83       data     extern E:\3.45\pic18-lt\cxx-framework\src\extended\proc\p18f4553.asm
                PORTDbits   0x000f83       data     extern E:\3.45\pic18-lt\cxx-framework\src\extended\proc\p18f4553.asm
                    PORTE   0x000f84       data     extern E:\3.45\pic18-lt\cxx-framework\src\extended\proc\p18f4553.asm
                PORTEbits   0x000f84       data     extern E:\3.45\pic18-lt\cxx-framework\src\extended\proc\p18f4553.asm
                 POSTDEC0   0x000fed       data     extern E:\3.45\pic18-lt\cxx-framework\src\extended\proc\p18f4553.asm
                 POSTDEC1   0x000fe5       data     extern E:\3.45\pic18-lt\cxx-framework\src\extended\proc\p18f4553.asm
                 POSTDEC2   0x000fdd       data     extern E:\3.45\pic18-lt\cxx-framework\src\extended\proc\p18f4553.asm
                 POSTINC0   0x000fee       data     extern E:\3.45\pic18-lt\cxx-framework\src\extended\proc\p18f4553.asm
                 POSTINC1   0x000fe6       data     extern E:\3.45\pic18-lt\cxx-framework\src\extended\proc\p18f4553.asm
                 POSTINC2   0x000fde       data     extern E:\3.45\pic18-lt\cxx-framework\src\extended\proc\p18f4553.asm
                      PR2   0x000fcb       data     extern E:\3.45\pic18-lt\cxx-framework\src\extended\proc\p18f4553.asm
                  PREINC0   0x000fec       data     extern E:\3.45\pic18-lt\cxx-framework\src\extended\proc\p18f4553.asm
                  PREINC1   0x000fe4       data     extern E:\3.45\pic18-lt\cxx-framework\src\extended\proc\p18f4553.asm
                  PREINC2   0x000fdc       data     extern E:\3.45\pic18-lt\cxx-framework\src\extended\proc\p18f4553.asm
                     PROD   0x000ff3       data     extern E:\3.45\pic18-lt\cxx-framework\src\extended\proc\p18f4553.asm
                    PRODH   0x000ff4       data     extern E:\3.45\pic18-lt\cxx-framework\src\extended\proc\p18f4553.asm
                    PRODL   0x000ff3       data     extern E:\3.45\pic18-lt\cxx-framework\src\extended\proc\p18f4553.asm
                     RCON   0x000fd0       data     extern E:\3.45\pic18-lt\cxx-framework\src\extended\proc\p18f4553.asm
                 RCONbits   0x000fd0       data     extern E:\3.45\pic18-lt\cxx-framework\src\extended\proc\p18f4553.asm
                    RCREG   0x000fae       data     extern E:\3.45\pic18-lt\cxx-framework\src\extended\proc\p18f4553.asm
                    RCSTA   0x000fab       data     extern E:\3.45\pic18-lt\cxx-framework\src\extended\proc\p18f4553.asm
                RCSTAbits   0x000fab       data     extern E:\3.45\pic18-lt\cxx-framework\src\extended\proc\p18f4553.asm
                    SPBRG   0x000faf       data     extern E:\3.45\pic18-lt\cxx-framework\src\extended\proc\p18f4553.asm
                   SPBRGH   0x000fb0       data     extern E:\3.45\pic18-lt\cxx-framework\src\extended\proc\p18f4553.asm
                   SPPCFG   0x000f63       data     extern E:\3.45\pic18-lt\cxx-framework\src\extended\proc\p18f4553.asm
               SPPCFGbits   0x000f63       data     extern E:\3.45\pic18-lt\cxx-framework\src\extended\proc\p18f4553.asm
                   SPPCON   0x000f65       data     extern E:\3.45\pic18-lt\cxx-framework\src\extended\proc\p18f4553.asm
               SPPCONbits   0x000f65       data     extern E:\3.45\pic18-lt\cxx-framework\src\extended\proc\p18f4553.asm
                  SPPDATA   0x000f62       data     extern E:\3.45\pic18-lt\cxx-framework\src\extended\proc\p18f4553.asm
                   SPPEPS   0x000f64       data     extern E:\3.45\pic18-lt\cxx-framework\src\extended\proc\p18f4553.asm
               SPPEPSbits   0x000f64       data     extern E:\3.45\pic18-lt\cxx-framework\src\extended\proc\p18f4553.asm
                   SSPADD   0x000fc8       data     extern E:\3.45\pic18-lt\cxx-framework\src\extended\proc\p18f4553.asm
                   SSPBUF   0x000fc9       data     extern E:\3.45\pic18-lt\cxx-framework\src\extended\proc\p18f4553.asm
                  SSPCON1   0x000fc6       data     extern E:\3.45\pic18-lt\cxx-framework\src\extended\proc\p18f4553.asm
              SSPCON1bits   0x000fc6       data     extern E:\3.45\pic18-lt\cxx-framework\src\extended\proc\p18f4553.asm
                  SSPCON2   0x000fc5       data     extern E:\3.45\pic18-lt\cxx-framework\src\extended\proc\p18f4553.asm
              SSPCON2bits   0x000fc5       data     extern E:\3.45\pic18-lt\cxx-framework\src\extended\proc\p18f4553.asm
                  SSPSTAT   0x000fc7       data     extern E:\3.45\pic18-lt\cxx-framework\src\extended\proc\p18f4553.asm
              SSPSTATbits   0x000fc7       data     extern E:\3.45\pic18-lt\cxx-framework\src\extended\proc\p18f4553.asm
                   STATUS   0x000fd8       data     extern E:\3.45\pic18-lt\cxx-framework\src\extended\proc\p18f4553.asm
               STATUSbits   0x000fd8       data     extern E:\3.45\pic18-lt\cxx-framework\src\extended\proc\p18f4553.asm
                   STKPTR   0x000ffc       data     extern E:\3.45\pic18-lt\cxx-framework\src\extended\proc\p18f4553.asm
               STKPTRbits   0x000ffc       data     extern E:\3.45\pic18-lt\cxx-framework\src\extended\proc\p18f4553.asm
                    T0CON   0x000fd5       data     extern E:\3.45\pic18-lt\cxx-framework\src\extended\proc\p18f4553.asm
                T0CONbits   0x000fd5       data     extern E:\3.45\pic18-lt\cxx-framework\src\extended\proc\p18f4553.asm
                    T1CON   0x000fcd       data     extern E:\3.45\pic18-lt\cxx-framework\src\extended\proc\p18f4553.asm
                T1CONbits   0x000fcd       data     extern E:\3.45\pic18-lt\cxx-framework\src\extended\proc\p18f4553.asm
                    T2CON   0x000fca       data     extern E:\3.45\pic18-lt\cxx-framework\src\extended\proc\p18f4553.asm
                T2CONbits   0x000fca       data     extern E:\3.45\pic18-lt\cxx-framework\src\extended\proc\p18f4553.asm
                    T3CON   0x000fb1       data     extern E:\3.45\pic18-lt\cxx-framework\src\extended\proc\p18f4553.asm
                T3CONbits   0x000fb1       data     extern E:\3.45\pic18-lt\cxx-framework\src\extended\proc\p18f4553.asm
                   TABLAT   0x000ff5       data     extern E:\3.45\pic18-lt\cxx-framework\src\extended\proc\p18f4553.asm
                   TBLPTR   0x000ff6       data     extern E:\3.45\pic18-lt\cxx-framework\src\extended\proc\p18f4553.asm
                  TBLPTRH   0x000ff7       data     extern E:\3.45\pic18-lt\cxx-framework\src\extended\proc\p18f4553.asm
                  TBLPTRL   0x000ff6       data     extern E:\3.45\pic18-lt\cxx-framework\src\extended\proc\p18f4553.asm
                  TBLPTRU   0x000ff8       data     extern E:\3.45\pic18-lt\cxx-framework\src\extended\proc\p18f4553.asm
                    TMR0H   0x000fd7       data     extern E:\3.45\pic18-lt\cxx-framework\src\extended\proc\p18f4553.asm
                    TMR0L   0x000fd6       data     extern E:\3.45\pic18-lt\cxx-framework\src\extended\proc\p18f4553.asm
                    TMR1H   0x000fcf       data     extern E:\3.45\pic18-lt\cxx-framework\src\extended\proc\p18f4553.asm
                    TMR1L   0x000fce       data     extern E:\3.45\pic18-lt\cxx-framework\src\extended\proc\p18f4553.asm
                     TMR2   0x000fcc       data     extern E:\3.45\pic18-lt\cxx-framework\src\extended\proc\p18f4553.asm
                    TMR3H   0x000fb3       data     extern E:\3.45\pic18-lt\cxx-framework\src\extended\proc\p18f4553.asm
                    TMR3L   0x000fb2       data     extern E:\3.45\pic18-lt\cxx-framework\src\extended\proc\p18f4553.asm
                      TOS   0x000ffd       data     extern E:\3.45\pic18-lt\cxx-framework\src\extended\proc\p18f4553.asm
                     TOSH   0x000ffe       data     extern E:\3.45\pic18-lt\cxx-framework\src\extended\proc\p18f4553.asm
                     TOSL   0x000ffd       data     extern E:\3.45\pic18-lt\cxx-framework\src\extended\proc\p18f4553.asm
                     TOSU   0x000fff       data     extern E:\3.45\pic18-lt\cxx-framework\src\extended\proc\p18f4553.asm
                    TRISA   0x000f92       data     extern E:\3.45\pic18-lt\cxx-framework\src\extended\proc\p18f4553.asm
                TRISAbits   0x000f92       data     extern E:\3.45\pic18-lt\cxx-framework\src\extended\proc\p18f4553.asm
                    TRISB   0x000f93       data     extern E:\3.45\pic18-lt\cxx-framework\src\extended\proc\p18f4553.asm
                TRISBbits   0x000f93       data     extern E:\3.45\pic18-lt\cxx-framework\src\extended\proc\p18f4553.asm
                    TRISC   0x000f94       data     extern E:\3.45\pic18-lt\cxx-framework\src\extended\proc\p18f4553.asm
                TRISCbits   0x000f94       data     extern E:\3.45\pic18-lt\cxx-framework\src\extended\proc\p18f4553.asm
                    TRISD   0x000f95       data     extern E:\3.45\pic18-lt\cxx-framework\src\extended\proc\p18f4553.asm
                TRISDbits   0x000f95       data     extern E:\3.45\pic18-lt\cxx-framework\src\extended\proc\p18f4553.asm
                    TRISE   0x000f96       data     extern E:\3.45\pic18-lt\cxx-framework\src\extended\proc\p18f4553.asm
                TRISEbits   0x000f96       data     extern E:\3.45\pic18-lt\cxx-framework\src\extended\proc\p18f4553.asm
                    TXREG   0x000fad       data     extern E:\3.45\pic18-lt\cxx-framework\src\extended\proc\p18f4553.asm
                    TXSTA   0x000fac       data     extern E:\3.45\pic18-lt\cxx-framework\src\extended\proc\p18f4553.asm
                TXSTAbits   0x000fac       data     extern E:\3.45\pic18-lt\cxx-framework\src\extended\proc\p18f4553.asm
                    UADDR   0x000f6e       data     extern E:\3.45\pic18-lt\cxx-framework\src\extended\proc\p18f4553.asm
                UADDRbits   0x000f6e       data     extern E:\3.45\pic18-lt\cxx-framework\src\extended\proc\p18f4553.asm
                     UCFG   0x000f6f       data     extern E:\3.45\pic18-lt\cxx-framework\src\extended\proc\p18f4553.asm
                 UCFGbits   0x000f6f       data     extern E:\3.45\pic18-lt\cxx-framework\src\extended\proc\p18f4553.asm
                     UCON   0x000f6d       data     extern E:\3.45\pic18-lt\cxx-framework\src\extended\proc\p18f4553.asm
                 UCONbits   0x000f6d       data     extern E:\3.45\pic18-lt\cxx-framework\src\extended\proc\p18f4553.asm
                     UEIE   0x000f6b       data     extern E:\3.45\pic18-lt\cxx-framework\src\extended\proc\p18f4553.asm
                 UEIEbits   0x000f6b       data     extern E:\3.45\pic18-lt\cxx-framework\src\extended\proc\p18f4553.asm
                     UEIR   0x000f6a       data     extern E:\3.45\pic18-lt\cxx-framework\src\extended\proc\p18f4553.asm
                 UEIRbits   0x000f6a       data     extern E:\3.45\pic18-lt\cxx-framework\src\extended\proc\p18f4553.asm
                     UEP0   0x000f70       data     extern E:\3.45\pic18-lt\cxx-framework\src\extended\proc\p18f4553.asm
                 UEP0bits   0x000f70       data     extern E:\3.45\pic18-lt\cxx-framework\src\extended\proc\p18f4553.asm
                     UEP1   0x000f71       data     extern E:\3.45\pic18-lt\cxx-framework\src\extended\proc\p18f4553.asm
                    UEP10   0x000f7a       data     extern E:\3.45\pic18-lt\cxx-framework\src\extended\proc\p18f4553.asm
                UEP10bits   0x000f7a       data     extern E:\3.45\pic18-lt\cxx-framework\src\extended\proc\p18f4553.asm
                    UEP11   0x000f7b       data     extern E:\3.45\pic18-lt\cxx-framework\src\extended\proc\p18f4553.asm
                UEP11bits   0x000f7b       data     extern E:\3.45\pic18-lt\cxx-framework\src\extended\proc\p18f4553.asm
                    UEP12   0x000f7c       data     extern E:\3.45\pic18-lt\cxx-framework\src\extended\proc\p18f4553.asm
                UEP12bits   0x000f7c       data     extern E:\3.45\pic18-lt\cxx-framework\src\extended\proc\p18f4553.asm
                    UEP13   0x000f7d       data     extern E:\3.45\pic18-lt\cxx-framework\src\extended\proc\p18f4553.asm
                UEP13bits   0x000f7d       data     extern E:\3.45\pic18-lt\cxx-framework\src\extended\proc\p18f4553.asm
                    UEP14   0x000f7e       data     extern E:\3.45\pic18-lt\cxx-framework\src\extended\proc\p18f4553.asm
                UEP14bits   0x000f7e       data     extern E:\3.45\pic18-lt\cxx-framework\src\extended\proc\p18f4553.asm
                    UEP15   0x000f7f       data     extern E:\3.45\pic18-lt\cxx-framework\src\extended\proc\p18f4553.asm
                UEP15bits   0x000f7f       data     extern E:\3.45\pic18-lt\cxx-framework\src\extended\proc\p18f4553.asm
                 UEP1bits   0x000f71       data     extern E:\3.45\pic18-lt\cxx-framework\src\extended\proc\p18f4553.asm
                     UEP2   0x000f72       data     extern E:\3.45\pic18-lt\cxx-framework\src\extended\proc\p18f4553.asm
                 UEP2bits   0x000f72       data     extern E:\3.45\pic18-lt\cxx-framework\src\extended\proc\p18f4553.asm
                     UEP3   0x000f73       data     extern E:\3.45\pic18-lt\cxx-framework\src\extended\proc\p18f4553.asm
                 UEP3bits   0x000f73       data     extern E:\3.45\pic18-lt\cxx-framework\src\extended\proc\p18f4553.asm
                     UEP4   0x000f74       data     extern E:\3.45\pic18-lt\cxx-framework\src\extended\proc\p18f4553.asm
                 UEP4bits   0x000f74       data     extern E:\3.45\pic18-lt\cxx-framework\src\extended\proc\p18f4553.asm
                     UEP5   0x000f75       data     extern E:\3.45\pic18-lt\cxx-framework\src\extended\proc\p18f4553.asm
                 UEP5bits   0x000f75       data     extern E:\3.45\pic18-lt\cxx-framework\src\extended\proc\p18f4553.asm
                     UEP6   0x000f76       data     extern E:\3.45\pic18-lt\cxx-framework\src\extended\proc\p18f4553.asm
                 UEP6bits   0x000f76       data     extern E:\3.45\pic18-lt\cxx-framework\src\extended\proc\p18f4553.asm
                     UEP7   0x000f77       data     extern E:\3.45\pic18-lt\cxx-framework\src\extended\proc\p18f4553.asm
                 UEP7bits   0x000f77       data     extern E:\3.45\pic18-lt\cxx-framework\src\extended\proc\p18f4553.asm
                     UEP8   0x000f78       data     extern E:\3.45\pic18-lt\cxx-framework\src\extended\proc\p18f4553.asm
                 UEP8bits   0x000f78       data     extern E:\3.45\pic18-lt\cxx-framework\src\extended\proc\p18f4553.asm
                     UEP9   0x000f79       data     extern E:\3.45\pic18-lt\cxx-framework\src\extended\proc\p18f4553.asm
                 UEP9bits   0x000f79       data     extern E:\3.45\pic18-lt\cxx-framework\src\extended\proc\p18f4553.asm
                     UFRM   0x000f66       data     extern E:\3.45\pic18-lt\cxx-framework\src\extended\proc\p18f4553.asm
                    UFRMH   0x000f67       data     extern E:\3.45\pic18-lt\cxx-framework\src\extended\proc\p18f4553.asm
                UFRMHbits   0x000f67       data     extern E:\3.45\pic18-lt\cxx-framework\src\extended\proc\p18f4553.asm
                    UFRML   0x000f66       data     extern E:\3.45\pic18-lt\cxx-framework\src\extended\proc\p18f4553.asm
                UFRMLbits   0x000f66       data     extern E:\3.45\pic18-lt\cxx-framework\src\extended\proc\p18f4553.asm
                      UIE   0x000f69       data     extern E:\3.45\pic18-lt\cxx-framework\src\extended\proc\p18f4553.asm
                  UIEbits   0x000f69       data     extern E:\3.45\pic18-lt\cxx-framework\src\extended\proc\p18f4553.asm
                      UIR   0x000f68       data     extern E:\3.45\pic18-lt\cxx-framework\src\extended\proc\p18f4553.asm
                  UIRbits   0x000f68       data     extern E:\3.45\pic18-lt\cxx-framework\src\extended\proc\p18f4553.asm
                    USTAT   0x000f6c       data     extern E:\3.45\pic18-lt\cxx-framework\src\extended\proc\p18f4553.asm
                USTATbits   0x000f6c       data     extern E:\3.45\pic18-lt\cxx-framework\src\extended\proc\p18f4553.asm
                   WDTCON   0x000fd1       data     extern E:\3.45\pic18-lt\cxx-framework\src\extended\proc\p18f4553.asm
               WDTCONbits   0x000fd1       data     extern E:\3.45\pic18-lt\cxx-framework\src\extended\proc\p18f4553.asm
                     WREG   0x000fe8       data     extern E:\3.45\pic18-lt\cxx-framework\src\extended\proc\p18f4553.asm
                  __tmp_0   0x00001b       data     static C:\Proyectos_PIC\delay.c 
                  __tmp_0   0x00001b       data     static C:\Proyectos_PIC\main.c  
                     _sp1   0x000000       data     extern C:\Proyectos_PIC\startup.c
                     _sp2   0x000002       data     extern C:\Proyectos_PIC\startup.c
                curr_byte   0x000007       data     static C:\Proyectos_PIC\startup.c
               curr_entry   0x000009       data     static C:\Proyectos_PIC\startup.c
                 data_ptr   0x00000b       data     static C:\Proyectos_PIC\startup.c
                 g_nDelay   0x000014       data     extern C:\Proyectos_PIC\main.c  
             g_nDirection   0x00000e       data     extern C:\Proyectos_PIC\main.c  
                g_nEnable   0x000010       data     extern C:\Proyectos_PIC\main.c  
                  g_nStep   0x000012       data     extern C:\Proyectos_PIC\main.c  
                     prom   0x000004       data     static C:\Proyectos_PIC\startup.c
                s_pPicCmd   0x000019       data     static C:\Proyectos_PIC\main.c  
                   s_vtbl   0x000017       data     static C:\Proyectos_PIC\main.c  
                  ucTecla   0x000016       data     extern C:\Proyectos_PIC\main.c  



                              Symbols - Sorted by Address
                     Name    Address   Location    Storage File                     
                ---------  ---------  ---------  --------- ---------                
                   _entry   0x002000    program     extern C:\Proyectos_PIC\startup.c
       ___return_lbl00000   0x002004    program     static                          
               _user_putc   0x002006    program     extern E:\3.45\pic18-lt\cxx-framework\src\extended\stdclib\_user_putc.c
        HighInterruptHook   0x002008    program     extern C:\Proyectos_PIC\main.c  
       ___return_lbl00006   0x00200c    program     static                          
                   __init   0x00200e    program     extern E:\3.45\pic18-lt\cxx-framework\src\extended\stdclib\__init.c
         LowInterruptHook   0x002018    program     extern C:\Proyectos_PIC\main.c  
       ___return_lbl00007   0x00201c    program     static                          
             StepperMotor   0x00202c    program     extern C:\Proyectos_PIC\main.c  
          HighPriorityISR   0x0020ac    program     extern C:\Proyectos_PIC\main.c  
           LowPriorityISR   0x0020be    program     extern C:\Proyectos_PIC\main.c  
 USBOverlayCommandHandler   0x0020e4    program     extern C:\Proyectos_PIC\main.c  
                  Teclado   0x0021fa    program     extern C:\Proyectos_PIC\main.c  
                     main   0x002250    program     extern C:\Proyectos_PIC\main.c  
                  KB_Wait   0x0022b8    program     extern C:\Proyectos_PIC\teclado.c
                   KB_Hit   0x0022c2    program     extern C:\Proyectos_PIC\teclado.c
                  KB_Read   0x0022d2    program     extern C:\Proyectos_PIC\teclado.c
                   KB_Get   0x0023a8    program     extern C:\Proyectos_PIC\teclado.c
                _do_cinit   0x0023b6    program     extern C:\Proyectos_PIC\startup.c
                     test   0x0023d0    program     static                          
                copy_loop   0x002428    program     static                          
            copy_one_byte   0x00242e    program     static                          
             done_copying   0x00243c    program     static                          
       ___return_lbl00002   0x002452    program     static                          
                     done   0x002452    program     static                          
                 delay_ms   0x002454    program     extern C:\Proyectos_PIC\delay.c 
               delay_10us   0x0024ac    program     extern C:\Proyectos_PIC\delay.c 
                 _startup   0x0024e4    program     extern C:\Proyectos_PIC\startup.c
       ___return_lbl00001   0x00251a    program     static                          
            __zero_memory   0x00251c    program     extern E:\3.45\pic18-lt\cxx-framework\src\extended\proc\p18f4553.asm
                   loop_h   0x00252a    program     static E:\3.45\pic18-lt\cxx-framework\src\extended\proc\p18f4553.asm
               zero_block   0x00252a    program     static E:\3.45\pic18-lt\cxx-framework\src\extended\proc\p18f4553.asm
                compare_l   0x002532    program     static E:\3.45\pic18-lt\cxx-framework\src\extended\proc\p18f4553.asm
                   loop_l   0x002534    program     static E:\3.45\pic18-lt\cxx-framework\src\extended\proc\p18f4553.asm
        ucTeclaPresionada   0x00253c    program     extern C:\Proyectos_PIC\main.c  
                     _sp1   0x000000       data     extern C:\Proyectos_PIC\startup.c
                     _sp2   0x000002       data     extern C:\Proyectos_PIC\startup.c
                     prom   0x000004       data     static C:\Proyectos_PIC\startup.c
                curr_byte   0x000007       data     static C:\Proyectos_PIC\startup.c
               curr_entry   0x000009       data     static C:\Proyectos_PIC\startup.c
                 data_ptr   0x00000b       data     static C:\Proyectos_PIC\startup.c
             g_nDirection   0x00000e       data     extern C:\Proyectos_PIC\main.c  
                g_nEnable   0x000010       data     extern C:\Proyectos_PIC\main.c  
                  g_nStep   0x000012       data     extern C:\Proyectos_PIC\main.c  
                 g_nDelay   0x000014       data     extern C:\Proyectos_PIC\main.c  
                  ucTecla   0x000016       data     extern C:\Proyectos_PIC\main.c  
                   s_vtbl   0x000017       data     static C:\Proyectos_PIC\main.c  
                s_pPicCmd   0x000019       data     static C:\Proyectos_PIC\main.c  
                  __tmp_0   0x00001b       data     static C:\Proyectos_PIC\main.c  
                  __tmp_0   0x00001b       data     static C:\Proyectos_PIC\delay.c 
                  SPPDATA   0x000f62       data     extern E:\3.45\pic18-lt\cxx-framework\src\extended\proc\p18f4553.asm
               SPPCFGbits   0x000f63       data     extern E:\3.45\pic18-lt\cxx-framework\src\extended\proc\p18f4553.asm
                   SPPCFG   0x000f63       data     extern E:\3.45\pic18-lt\cxx-framework\src\extended\proc\p18f4553.asm
               SPPEPSbits   0x000f64       data     extern E:\3.45\pic18-lt\cxx-framework\src\extended\proc\p18f4553.asm
                   SPPEPS   0x000f64       data     extern E:\3.45\pic18-lt\cxx-framework\src\extended\proc\p18f4553.asm
               SPPCONbits   0x000f65       data     extern E:\3.45\pic18-lt\cxx-framework\src\extended\proc\p18f4553.asm
                   SPPCON   0x000f65       data     extern E:\3.45\pic18-lt\cxx-framework\src\extended\proc\p18f4553.asm
                     UFRM   0x000f66       data     extern E:\3.45\pic18-lt\cxx-framework\src\extended\proc\p18f4553.asm
                    UFRML   0x000f66       data     extern E:\3.45\pic18-lt\cxx-framework\src\extended\proc\p18f4553.asm
                UFRMLbits   0x000f66       data     extern E:\3.45\pic18-lt\cxx-framework\src\extended\proc\p18f4553.asm
                    UFRMH   0x000f67       data     extern E:\3.45\pic18-lt\cxx-framework\src\extended\proc\p18f4553.asm
                UFRMHbits   0x000f67       data     extern E:\3.45\pic18-lt\cxx-framework\src\extended\proc\p18f4553.asm
                      UIR   0x000f68       data     extern E:\3.45\pic18-lt\cxx-framework\src\extended\proc\p18f4553.asm
                  UIRbits   0x000f68       data     extern E:\3.45\pic18-lt\cxx-framework\src\extended\proc\p18f4553.asm
                      UIE   0x000f69       data     extern E:\3.45\pic18-lt\cxx-framework\src\extended\proc\p18f4553.asm
                  UIEbits   0x000f69       data     extern E:\3.45\pic18-lt\cxx-framework\src\extended\proc\p18f4553.asm
                     UEIR   0x000f6a       data     extern E:\3.45\pic18-lt\cxx-framework\src\extended\proc\p18f4553.asm
                 UEIRbits   0x000f6a       data     extern E:\3.45\pic18-lt\cxx-framework\src\extended\proc\p18f4553.asm
                 UEIEbits   0x000f6b       data     extern E:\3.45\pic18-lt\cxx-framework\src\extended\proc\p18f4553.asm
                     UEIE   0x000f6b       data     extern E:\3.45\pic18-lt\cxx-framework\src\extended\proc\p18f4553.asm
                    USTAT   0x000f6c       data     extern E:\3.45\pic18-lt\cxx-framework\src\extended\proc\p18f4553.asm
                USTATbits   0x000f6c       data     extern E:\3.45\pic18-lt\cxx-framework\src\extended\proc\p18f4553.asm
                 UCONbits   0x000f6d       data     extern E:\3.45\pic18-lt\cxx-framework\src\extended\proc\p18f4553.asm
                     UCON   0x000f6d       data     extern E:\3.45\pic18-lt\cxx-framework\src\extended\proc\p18f4553.asm
                UADDRbits   0x000f6e       data     extern E:\3.45\pic18-lt\cxx-framework\src\extended\proc\p18f4553.asm
                    UADDR   0x000f6e       data     extern E:\3.45\pic18-lt\cxx-framework\src\extended\proc\p18f4553.asm
                     UCFG   0x000f6f       data     extern E:\3.45\pic18-lt\cxx-framework\src\extended\proc\p18f4553.asm
                 UCFGbits   0x000f6f       data     extern E:\3.45\pic18-lt\cxx-framework\src\extended\proc\p18f4553.asm
                     UEP0   0x000f70       data     extern E:\3.45\pic18-lt\cxx-framework\src\extended\proc\p18f4553.asm
                 UEP0bits   0x000f70       data     extern E:\3.45\pic18-lt\cxx-framework\src\extended\proc\p18f4553.asm
                     UEP1   0x000f71       data     extern E:\3.45\pic18-lt\cxx-framework\src\extended\proc\p18f4553.asm
                 UEP1bits   0x000f71       data     extern E:\3.45\pic18-lt\cxx-framework\src\extended\proc\p18f4553.asm
                     UEP2   0x000f72       data     extern E:\3.45\pic18-lt\cxx-framework\src\extended\proc\p18f4553.asm
                 UEP2bits   0x000f72       data     extern E:\3.45\pic18-lt\cxx-framework\src\extended\proc\p18f4553.asm
                     UEP3   0x000f73       data     extern E:\3.45\pic18-lt\cxx-framework\src\extended\proc\p18f4553.asm
                 UEP3bits   0x000f73       data     extern E:\3.45\pic18-lt\cxx-framework\src\extended\proc\p18f4553.asm
                     UEP4   0x000f74       data     extern E:\3.45\pic18-lt\cxx-framework\src\extended\proc\p18f4553.asm
                 UEP4bits   0x000f74       data     extern E:\3.45\pic18-lt\cxx-framework\src\extended\proc\p18f4553.asm
                     UEP5   0x000f75       data     extern E:\3.45\pic18-lt\cxx-framework\src\extended\proc\p18f4553.asm
                 UEP5bits   0x000f75       data     extern E:\3.45\pic18-lt\cxx-framework\src\extended\proc\p18f4553.asm
                     UEP6   0x000f76       data     extern E:\3.45\pic18-lt\cxx-framework\src\extended\proc\p18f4553.asm
                 UEP6bits   0x000f76       data     extern E:\3.45\pic18-lt\cxx-framework\src\extended\proc\p18f4553.asm
                     UEP7   0x000f77       data     extern E:\3.45\pic18-lt\cxx-framework\src\extended\proc\p18f4553.asm
                 UEP7bits   0x000f77       data     extern E:\3.45\pic18-lt\cxx-framework\src\extended\proc\p18f4553.asm
                     UEP8   0x000f78       data     extern E:\3.45\pic18-lt\cxx-framework\src\extended\proc\p18f4553.asm
                 UEP8bits   0x000f78       data     extern E:\3.45\pic18-lt\cxx-framework\src\extended\proc\p18f4553.asm
                 UEP9bits   0x000f79       data     extern E:\3.45\pic18-lt\cxx-framework\src\extended\proc\p18f4553.asm
                     UEP9   0x000f79       data     extern E:\3.45\pic18-lt\cxx-framework\src\extended\proc\p18f4553.asm
                    UEP10   0x000f7a       data     extern E:\3.45\pic18-lt\cxx-framework\src\extended\proc\p18f4553.asm
                UEP10bits   0x000f7a       data     extern E:\3.45\pic18-lt\cxx-framework\src\extended\proc\p18f4553.asm
                    UEP11   0x000f7b       data     extern E:\3.45\pic18-lt\cxx-framework\src\extended\proc\p18f4553.asm
                UEP11bits   0x000f7b       data     extern E:\3.45\pic18-lt\cxx-framework\src\extended\proc\p18f4553.asm
                    UEP12   0x000f7c       data     extern E:\3.45\pic18-lt\cxx-framework\src\extended\proc\p18f4553.asm
                UEP12bits   0x000f7c       data     extern E:\3.45\pic18-lt\cxx-framework\src\extended\proc\p18f4553.asm
                UEP13bits   0x000f7d       data     extern E:\3.45\pic18-lt\cxx-framework\src\extended\proc\p18f4553.asm
                    UEP13   0x000f7d       data     extern E:\3.45\pic18-lt\cxx-framework\src\extended\proc\p18f4553.asm
                UEP14bits   0x000f7e       data     extern E:\3.45\pic18-lt\cxx-framework\src\extended\proc\p18f4553.asm
                    UEP14   0x000f7e       data     extern E:\3.45\pic18-lt\cxx-framework\src\extended\proc\p18f4553.asm
                UEP15bits   0x000f7f       data     extern E:\3.45\pic18-lt\cxx-framework\src\extended\proc\p18f4553.asm
                    UEP15   0x000f7f       data     extern E:\3.45\pic18-lt\cxx-framework\src\extended\proc\p18f4553.asm
                    PORTA   0x000f80       data     extern E:\3.45\pic18-lt\cxx-framework\src\extended\proc\p18f4553.asm
                PORTAbits   0x000f80       data     extern E:\3.45\pic18-lt\cxx-framework\src\extended\proc\p18f4553.asm
                    PORTB   0x000f81       data     extern E:\3.45\pic18-lt\cxx-framework\src\extended\proc\p18f4553.asm
                PORTBbits   0x000f81       data     extern E:\3.45\pic18-lt\cxx-framework\src\extended\proc\p18f4553.asm
                    PORTC   0x000f82       data     extern E:\3.45\pic18-lt\cxx-framework\src\extended\proc\p18f4553.asm
                PORTCbits   0x000f82       data     extern E:\3.45\pic18-lt\cxx-framework\src\extended\proc\p18f4553.asm
                PORTDbits   0x000f83       data     extern E:\3.45\pic18-lt\cxx-framework\src\extended\proc\p18f4553.asm
                    PORTD   0x000f83       data     extern E:\3.45\pic18-lt\cxx-framework\src\extended\proc\p18f4553.asm
                PORTEbits   0x000f84       data     extern E:\3.45\pic18-lt\cxx-framework\src\extended\proc\p18f4553.asm
                    PORTE   0x000f84       data     extern E:\3.45\pic18-lt\cxx-framework\src\extended\proc\p18f4553.asm
                     LATA   0x000f89       data     extern E:\3.45\pic18-lt\cxx-framework\src\extended\proc\p18f4553.asm
                 LATAbits   0x000f89       data     extern E:\3.45\pic18-lt\cxx-framework\src\extended\proc\p18f4553.asm
                 LATBbits   0x000f8a       data     extern E:\3.45\pic18-lt\cxx-framework\src\extended\proc\p18f4553.asm
                     LATB   0x000f8a       data     extern E:\3.45\pic18-lt\cxx-framework\src\extended\proc\p18f4553.asm
                 LATCbits   0x000f8b       data     extern E:\3.45\pic18-lt\cxx-framework\src\extended\proc\p18f4553.asm
                     LATC   0x000f8b       data     extern E:\3.45\pic18-lt\cxx-framework\src\extended\proc\p18f4553.asm
                 LATDbits   0x000f8c       data     extern E:\3.45\pic18-lt\cxx-framework\src\extended\proc\p18f4553.asm
                     LATD   0x000f8c       data     extern E:\3.45\pic18-lt\cxx-framework\src\extended\proc\p18f4553.asm
                 LATEbits   0x000f8d       data     extern E:\3.45\pic18-lt\cxx-framework\src\extended\proc\p18f4553.asm
                     LATE   0x000f8d       data     extern E:\3.45\pic18-lt\cxx-framework\src\extended\proc\p18f4553.asm
                     DDRA   0x000f92       data     extern E:\3.45\pic18-lt\cxx-framework\src\extended\proc\p18f4553.asm
                 DDRAbits   0x000f92       data     extern E:\3.45\pic18-lt\cxx-framework\src\extended\proc\p18f4553.asm
                    TRISA   0x000f92       data     extern E:\3.45\pic18-lt\cxx-framework\src\extended\proc\p18f4553.asm
                TRISAbits   0x000f92       data     extern E:\3.45\pic18-lt\cxx-framework\src\extended\proc\p18f4553.asm
                    TRISB   0x000f93       data     extern E:\3.45\pic18-lt\cxx-framework\src\extended\proc\p18f4553.asm
                TRISBbits   0x000f93       data     extern E:\3.45\pic18-lt\cxx-framework\src\extended\proc\p18f4553.asm
                 DDRBbits   0x000f93       data     extern E:\3.45\pic18-lt\cxx-framework\src\extended\proc\p18f4553.asm
                     DDRB   0x000f93       data     extern E:\3.45\pic18-lt\cxx-framework\src\extended\proc\p18f4553.asm
                 DDRCbits   0x000f94       data     extern E:\3.45\pic18-lt\cxx-framework\src\extended\proc\p18f4553.asm
                     DDRC   0x000f94       data     extern E:\3.45\pic18-lt\cxx-framework\src\extended\proc\p18f4553.asm
                TRISCbits   0x000f94       data     extern E:\3.45\pic18-lt\cxx-framework\src\extended\proc\p18f4553.asm
                    TRISC   0x000f94       data     extern E:\3.45\pic18-lt\cxx-framework\src\extended\proc\p18f4553.asm
                TRISDbits   0x000f95       data     extern E:\3.45\pic18-lt\cxx-framework\src\extended\proc\p18f4553.asm
                    TRISD   0x000f95       data     extern E:\3.45\pic18-lt\cxx-framework\src\extended\proc\p18f4553.asm
                     DDRD   0x000f95       data     extern E:\3.45\pic18-lt\cxx-framework\src\extended\proc\p18f4553.asm
                 DDRDbits   0x000f95       data     extern E:\3.45\pic18-lt\cxx-framework\src\extended\proc\p18f4553.asm
                     DDRE   0x000f96       data     extern E:\3.45\pic18-lt\cxx-framework\src\extended\proc\p18f4553.asm
                 DDREbits   0x000f96       data     extern E:\3.45\pic18-lt\cxx-framework\src\extended\proc\p18f4553.asm
                TRISEbits   0x000f96       data     extern E:\3.45\pic18-lt\cxx-framework\src\extended\proc\p18f4553.asm
                    TRISE   0x000f96       data     extern E:\3.45\pic18-lt\cxx-framework\src\extended\proc\p18f4553.asm
              OSCTUNEbits   0x000f9b       data     extern E:\3.45\pic18-lt\cxx-framework\src\extended\proc\p18f4553.asm
                  OSCTUNE   0x000f9b       data     extern E:\3.45\pic18-lt\cxx-framework\src\extended\proc\p18f4553.asm
                 PIE1bits   0x000f9d       data     extern E:\3.45\pic18-lt\cxx-framework\src\extended\proc\p18f4553.asm
                     PIE1   0x000f9d       data     extern E:\3.45\pic18-lt\cxx-framework\src\extended\proc\p18f4553.asm
                 PIR1bits   0x000f9e       data     extern E:\3.45\pic18-lt\cxx-framework\src\extended\proc\p18f4553.asm
                     PIR1   0x000f9e       data     extern E:\3.45\pic18-lt\cxx-framework\src\extended\proc\p18f4553.asm
                     IPR1   0x000f9f       data     extern E:\3.45\pic18-lt\cxx-framework\src\extended\proc\p18f4553.asm
                 IPR1bits   0x000f9f       data     extern E:\3.45\pic18-lt\cxx-framework\src\extended\proc\p18f4553.asm
                 PIE2bits   0x000fa0       data     extern E:\3.45\pic18-lt\cxx-framework\src\extended\proc\p18f4553.asm
                     PIE2   0x000fa0       data     extern E:\3.45\pic18-lt\cxx-framework\src\extended\proc\p18f4553.asm
                 PIR2bits   0x000fa1       data     extern E:\3.45\pic18-lt\cxx-framework\src\extended\proc\p18f4553.asm
                     PIR2   0x000fa1       data     extern E:\3.45\pic18-lt\cxx-framework\src\extended\proc\p18f4553.asm
                     IPR2   0x000fa2       data     extern E:\3.45\pic18-lt\cxx-framework\src\extended\proc\p18f4553.asm
                 IPR2bits   0x000fa2       data     extern E:\3.45\pic18-lt\cxx-framework\src\extended\proc\p18f4553.asm
                   EECON1   0x000fa6       data     extern E:\3.45\pic18-lt\cxx-framework\src\extended\proc\p18f4553.asm
               EECON1bits   0x000fa6       data     extern E:\3.45\pic18-lt\cxx-framework\src\extended\proc\p18f4553.asm
                   EECON2   0x000fa7       data     extern E:\3.45\pic18-lt\cxx-framework\src\extended\proc\p18f4553.asm
                   EEDATA   0x000fa8       data     extern E:\3.45\pic18-lt\cxx-framework\src\extended\proc\p18f4553.asm
                    EEADR   0x000fa9       data     extern E:\3.45\pic18-lt\cxx-framework\src\extended\proc\p18f4553.asm
                    RCSTA   0x000fab       data     extern E:\3.45\pic18-lt\cxx-framework\src\extended\proc\p18f4553.asm
                RCSTAbits   0x000fab       data     extern E:\3.45\pic18-lt\cxx-framework\src\extended\proc\p18f4553.asm
                TXSTAbits   0x000fac       data     extern E:\3.45\pic18-lt\cxx-framework\src\extended\proc\p18f4553.asm
                    TXSTA   0x000fac       data     extern E:\3.45\pic18-lt\cxx-framework\src\extended\proc\p18f4553.asm
                    TXREG   0x000fad       data     extern E:\3.45\pic18-lt\cxx-framework\src\extended\proc\p18f4553.asm
                    RCREG   0x000fae       data     extern E:\3.45\pic18-lt\cxx-framework\src\extended\proc\p18f4553.asm
                    SPBRG   0x000faf       data     extern E:\3.45\pic18-lt\cxx-framework\src\extended\proc\p18f4553.asm
                   SPBRGH   0x000fb0       data     extern E:\3.45\pic18-lt\cxx-framework\src\extended\proc\p18f4553.asm
                    T3CON   0x000fb1       data     extern E:\3.45\pic18-lt\cxx-framework\src\extended\proc\p18f4553.asm
                T3CONbits   0x000fb1       data     extern E:\3.45\pic18-lt\cxx-framework\src\extended\proc\p18f4553.asm
                    TMR3L   0x000fb2       data     extern E:\3.45\pic18-lt\cxx-framework\src\extended\proc\p18f4553.asm
                    TMR3H   0x000fb3       data     extern E:\3.45\pic18-lt\cxx-framework\src\extended\proc\p18f4553.asm
                    CMCON   0x000fb4       data     extern E:\3.45\pic18-lt\cxx-framework\src\extended\proc\p18f4553.asm
                CMCONbits   0x000fb4       data     extern E:\3.45\pic18-lt\cxx-framework\src\extended\proc\p18f4553.asm
               CVRCONbits   0x000fb5       data     extern E:\3.45\pic18-lt\cxx-framework\src\extended\proc\p18f4553.asm
                   CVRCON   0x000fb5       data     extern E:\3.45\pic18-lt\cxx-framework\src\extended\proc\p18f4553.asm
                  ECCP1AS   0x000fb6       data     extern E:\3.45\pic18-lt\cxx-framework\src\extended\proc\p18f4553.asm
               CCP1ASbits   0x000fb6       data     extern E:\3.45\pic18-lt\cxx-framework\src\extended\proc\p18f4553.asm
                   CCP1AS   0x000fb6       data     extern E:\3.45\pic18-lt\cxx-framework\src\extended\proc\p18f4553.asm
              ECCP1ASbits   0x000fb6       data     extern E:\3.45\pic18-lt\cxx-framework\src\extended\proc\p18f4553.asm
              CCP1DELbits   0x000fb7       data     extern E:\3.45\pic18-lt\cxx-framework\src\extended\proc\p18f4553.asm
                  CCP1DEL   0x000fb7       data     extern E:\3.45\pic18-lt\cxx-framework\src\extended\proc\p18f4553.asm
                 ECCP1DEL   0x000fb7       data     extern E:\3.45\pic18-lt\cxx-framework\src\extended\proc\p18f4553.asm
             ECCP1DELbits   0x000fb7       data     extern E:\3.45\pic18-lt\cxx-framework\src\extended\proc\p18f4553.asm
                  BAUDCON   0x000fb8       data     extern E:\3.45\pic18-lt\cxx-framework\src\extended\proc\p18f4553.asm
              BAUDCONbits   0x000fb8       data     extern E:\3.45\pic18-lt\cxx-framework\src\extended\proc\p18f4553.asm
                  BAUDCTL   0x000fb8       data     extern E:\3.45\pic18-lt\cxx-framework\src\extended\proc\p18f4553.asm
              BAUDCTLbits   0x000fb8       data     extern E:\3.45\pic18-lt\cxx-framework\src\extended\proc\p18f4553.asm
              CCP2CONbits   0x000fba       data     extern E:\3.45\pic18-lt\cxx-framework\src\extended\proc\p18f4553.asm
                  CCP2CON   0x000fba       data     extern E:\3.45\pic18-lt\cxx-framework\src\extended\proc\p18f4553.asm
                    CCPR2   0x000fbb       data     extern E:\3.45\pic18-lt\cxx-framework\src\extended\proc\p18f4553.asm
                   CCPR2L   0x000fbb       data     extern E:\3.45\pic18-lt\cxx-framework\src\extended\proc\p18f4553.asm
                   CCPR2H   0x000fbc       data     extern E:\3.45\pic18-lt\cxx-framework\src\extended\proc\p18f4553.asm
              CCP1CONbits   0x000fbd       data     extern E:\3.45\pic18-lt\cxx-framework\src\extended\proc\p18f4553.asm
                  CCP1CON   0x000fbd       data     extern E:\3.45\pic18-lt\cxx-framework\src\extended\proc\p18f4553.asm
                 ECCP1CON   0x000fbd       data     extern E:\3.45\pic18-lt\cxx-framework\src\extended\proc\p18f4553.asm
             ECCP1CONbits   0x000fbd       data     extern E:\3.45\pic18-lt\cxx-framework\src\extended\proc\p18f4553.asm
                    CCPR1   0x000fbe       data     extern E:\3.45\pic18-lt\cxx-framework\src\extended\proc\p18f4553.asm
                   CCPR1L   0x000fbe       data     extern E:\3.45\pic18-lt\cxx-framework\src\extended\proc\p18f4553.asm
                   CCPR1H   0x000fbf       data     extern E:\3.45\pic18-lt\cxx-framework\src\extended\proc\p18f4553.asm
               ADCON2bits   0x000fc0       data     extern E:\3.45\pic18-lt\cxx-framework\src\extended\proc\p18f4553.asm
                   ADCON2   0x000fc0       data     extern E:\3.45\pic18-lt\cxx-framework\src\extended\proc\p18f4553.asm
                   ADCON1   0x000fc1       data     extern E:\3.45\pic18-lt\cxx-framework\src\extended\proc\p18f4553.asm
               ADCON1bits   0x000fc1       data     extern E:\3.45\pic18-lt\cxx-framework\src\extended\proc\p18f4553.asm
                   ADCON0   0x000fc2       data     extern E:\3.45\pic18-lt\cxx-framework\src\extended\proc\p18f4553.asm
               ADCON0bits   0x000fc2       data     extern E:\3.45\pic18-lt\cxx-framework\src\extended\proc\p18f4553.asm
                    ADRES   0x000fc3       data     extern E:\3.45\pic18-lt\cxx-framework\src\extended\proc\p18f4553.asm
                   ADRESL   0x000fc3       data     extern E:\3.45\pic18-lt\cxx-framework\src\extended\proc\p18f4553.asm
                   ADRESH   0x000fc4       data     extern E:\3.45\pic18-lt\cxx-framework\src\extended\proc\p18f4553.asm
                  SSPCON2   0x000fc5       data     extern E:\3.45\pic18-lt\cxx-framework\src\extended\proc\p18f4553.asm
              SSPCON2bits   0x000fc5       data     extern E:\3.45\pic18-lt\cxx-framework\src\extended\proc\p18f4553.asm
                  SSPCON1   0x000fc6       data     extern E:\3.45\pic18-lt\cxx-framework\src\extended\proc\p18f4553.asm
              SSPCON1bits   0x000fc6       data     extern E:\3.45\pic18-lt\cxx-framework\src\extended\proc\p18f4553.asm
                  SSPSTAT   0x000fc7       data     extern E:\3.45\pic18-lt\cxx-framework\src\extended\proc\p18f4553.asm
              SSPSTATbits   0x000fc7       data     extern E:\3.45\pic18-lt\cxx-framework\src\extended\proc\p18f4553.asm
                   SSPADD   0x000fc8       data     extern E:\3.45\pic18-lt\cxx-framework\src\extended\proc\p18f4553.asm
                   SSPBUF   0x000fc9       data     extern E:\3.45\pic18-lt\cxx-framework\src\extended\proc\p18f4553.asm
                T2CONbits   0x000fca       data     extern E:\3.45\pic18-lt\cxx-framework\src\extended\proc\p18f4553.asm
                    T2CON   0x000fca       data     extern E:\3.45\pic18-lt\cxx-framework\src\extended\proc\p18f4553.asm
                      PR2   0x000fcb       data     extern E:\3.45\pic18-lt\cxx-framework\src\extended\proc\p18f4553.asm
                     TMR2   0x000fcc       data     extern E:\3.45\pic18-lt\cxx-framework\src\extended\proc\p18f4553.asm
                T1CONbits   0x000fcd       data     extern E:\3.45\pic18-lt\cxx-framework\src\extended\proc\p18f4553.asm
                    T1CON   0x000fcd       data     extern E:\3.45\pic18-lt\cxx-framework\src\extended\proc\p18f4553.asm
                    TMR1L   0x000fce       data     extern E:\3.45\pic18-lt\cxx-framework\src\extended\proc\p18f4553.asm
                    TMR1H   0x000fcf       data     extern E:\3.45\pic18-lt\cxx-framework\src\extended\proc\p18f4553.asm
                     RCON   0x000fd0       data     extern E:\3.45\pic18-lt\cxx-framework\src\extended\proc\p18f4553.asm
                 RCONbits   0x000fd0       data     extern E:\3.45\pic18-lt\cxx-framework\src\extended\proc\p18f4553.asm
                   WDTCON   0x000fd1       data     extern E:\3.45\pic18-lt\cxx-framework\src\extended\proc\p18f4553.asm
               WDTCONbits   0x000fd1       data     extern E:\3.45\pic18-lt\cxx-framework\src\extended\proc\p18f4553.asm
               LVDCONbits   0x000fd2       data     extern E:\3.45\pic18-lt\cxx-framework\src\extended\proc\p18f4553.asm
                  HLVDCON   0x000fd2       data     extern E:\3.45\pic18-lt\cxx-framework\src\extended\proc\p18f4553.asm
                   LVDCON   0x000fd2       data     extern E:\3.45\pic18-lt\cxx-framework\src\extended\proc\p18f4553.asm
              HLVDCONbits   0x000fd2       data     extern E:\3.45\pic18-lt\cxx-framework\src\extended\proc\p18f4553.asm
                   OSCCON   0x000fd3       data     extern E:\3.45\pic18-lt\cxx-framework\src\extended\proc\p18f4553.asm
               OSCCONbits   0x000fd3       data     extern E:\3.45\pic18-lt\cxx-framework\src\extended\proc\p18f4553.asm
                    T0CON   0x000fd5       data     extern E:\3.45\pic18-lt\cxx-framework\src\extended\proc\p18f4553.asm
                T0CONbits   0x000fd5       data     extern E:\3.45\pic18-lt\cxx-framework\src\extended\proc\p18f4553.asm
                    TMR0L   0x000fd6       data     extern E:\3.45\pic18-lt\cxx-framework\src\extended\proc\p18f4553.asm
                    TMR0H   0x000fd7       data     extern E:\3.45\pic18-lt\cxx-framework\src\extended\proc\p18f4553.asm
                   STATUS   0x000fd8       data     extern E:\3.45\pic18-lt\cxx-framework\src\extended\proc\p18f4553.asm
               STATUSbits   0x000fd8       data     extern E:\3.45\pic18-lt\cxx-framework\src\extended\proc\p18f4553.asm
                     FSR2   0x000fd9       data     extern E:\3.45\pic18-lt\cxx-framework\src\extended\proc\p18f4553.asm
                    FSR2L   0x000fd9       data     extern E:\3.45\pic18-lt\cxx-framework\src\extended\proc\p18f4553.asm
                    FSR2H   0x000fda       data     extern E:\3.45\pic18-lt\cxx-framework\src\extended\proc\p18f4553.asm
                   PLUSW2   0x000fdb       data     extern E:\3.45\pic18-lt\cxx-framework\src\extended\proc\p18f4553.asm
                  PREINC2   0x000fdc       data     extern E:\3.45\pic18-lt\cxx-framework\src\extended\proc\p18f4553.asm
                 POSTDEC2   0x000fdd       data     extern E:\3.45\pic18-lt\cxx-framework\src\extended\proc\p18f4553.asm
                 POSTINC2   0x000fde       data     extern E:\3.45\pic18-lt\cxx-framework\src\extended\proc\p18f4553.asm
                    INDF2   0x000fdf       data     extern E:\3.45\pic18-lt\cxx-framework\src\extended\proc\p18f4553.asm
                      BSR   0x000fe0       data     extern E:\3.45\pic18-lt\cxx-framework\src\extended\proc\p18f4553.asm
                    FSR1L   0x000fe1       data     extern E:\3.45\pic18-lt\cxx-framework\src\extended\proc\p18f4553.asm
                     FSR1   0x000fe1       data     extern E:\3.45\pic18-lt\cxx-framework\src\extended\proc\p18f4553.asm
                    FSR1H   0x000fe2       data     extern E:\3.45\pic18-lt\cxx-framework\src\extended\proc\p18f4553.asm
                   PLUSW1   0x000fe3       data     extern E:\3.45\pic18-lt\cxx-framework\src\extended\proc\p18f4553.asm
                  PREINC1   0x000fe4       data     extern E:\3.45\pic18-lt\cxx-framework\src\extended\proc\p18f4553.asm
                 POSTDEC1   0x000fe5       data     extern E:\3.45\pic18-lt\cxx-framework\src\extended\proc\p18f4553.asm
                 POSTINC1   0x000fe6       data     extern E:\3.45\pic18-lt\cxx-framework\src\extended\proc\p18f4553.asm
                    INDF1   0x000fe7       data     extern E:\3.45\pic18-lt\cxx-framework\src\extended\proc\p18f4553.asm
                     WREG   0x000fe8       data     extern E:\3.45\pic18-lt\cxx-framework\src\extended\proc\p18f4553.asm
                     FSR0   0x000fe9       data     extern E:\3.45\pic18-lt\cxx-framework\src\extended\proc\p18f4553.asm
                    FSR0L   0x000fe9       data     extern E:\3.45\pic18-lt\cxx-framework\src\extended\proc\p18f4553.asm
                    FSR0H   0x000fea       data     extern E:\3.45\pic18-lt\cxx-framework\src\extended\proc\p18f4553.asm
                   PLUSW0   0x000feb       data     extern E:\3.45\pic18-lt\cxx-framework\src\extended\proc\p18f4553.asm
                  PREINC0   0x000fec       data     extern E:\3.45\pic18-lt\cxx-framework\src\extended\proc\p18f4553.asm
                 POSTDEC0   0x000fed       data     extern E:\3.45\pic18-lt\cxx-framework\src\extended\proc\p18f4553.asm
                 POSTINC0   0x000fee       data     extern E:\3.45\pic18-lt\cxx-framework\src\extended\proc\p18f4553.asm
                    INDF0   0x000fef       data     extern E:\3.45\pic18-lt\cxx-framework\src\extended\proc\p18f4553.asm
                  INTCON3   0x000ff0       data     extern E:\3.45\pic18-lt\cxx-framework\src\extended\proc\p18f4553.asm
              INTCON3bits   0x000ff0       data     extern E:\3.45\pic18-lt\cxx-framework\src\extended\proc\p18f4553.asm
              INTCON2bits   0x000ff1       data     extern E:\3.45\pic18-lt\cxx-framework\src\extended\proc\p18f4553.asm
                  INTCON2   0x000ff1       data     extern E:\3.45\pic18-lt\cxx-framework\src\extended\proc\p18f4553.asm
                   INTCON   0x000ff2       data     extern E:\3.45\pic18-lt\cxx-framework\src\extended\proc\p18f4553.asm
               INTCONbits   0x000ff2       data     extern E:\3.45\pic18-lt\cxx-framework\src\extended\proc\p18f4553.asm
                    PRODL   0x000ff3       data     extern E:\3.45\pic18-lt\cxx-framework\src\extended\proc\p18f4553.asm
                     PROD   0x000ff3       data     extern E:\3.45\pic18-lt\cxx-framework\src\extended\proc\p18f4553.asm
                    PRODH   0x000ff4       data     extern E:\3.45\pic18-lt\cxx-framework\src\extended\proc\p18f4553.asm
                   TABLAT   0x000ff5       data     extern E:\3.45\pic18-lt\cxx-framework\src\extended\proc\p18f4553.asm
                   TBLPTR   0x000ff6       data     extern E:\3.45\pic18-lt\cxx-framework\src\extended\proc\p18f4553.asm
                  TBLPTRL   0x000ff6       data     extern E:\3.45\pic18-lt\cxx-framework\src\extended\proc\p18f4553.asm
                  TBLPTRH   0x000ff7       data     extern E:\3.45\pic18-lt\cxx-framework\src\extended\proc\p18f4553.asm
                  TBLPTRU   0x000ff8       data     extern E:\3.45\pic18-lt\cxx-framework\src\extended\proc\p18f4553.asm
                      PCL   0x000ff9       data     extern E:\3.45\pic18-lt\cxx-framework\src\extended\proc\p18f4553.asm
                       PC   0x000ff9       data     extern E:\3.45\pic18-lt\cxx-framework\src\extended\proc\p18f4553.asm
                   PCLATH   0x000ffa       data     extern E:\3.45\pic18-lt\cxx-framework\src\extended\proc\p18f4553.asm
                   PCLATU   0x000ffb       data     extern E:\3.45\pic18-lt\cxx-framework\src\extended\proc\p18f4553.asm
                   STKPTR   0x000ffc       data     extern E:\3.45\pic18-lt\cxx-framework\src\extended\proc\p18f4553.asm
               STKPTRbits   0x000ffc       data     extern E:\3.45\pic18-lt\cxx-framework\src\extended\proc\p18f4553.asm
                      TOS   0x000ffd       data     extern E:\3.45\pic18-lt\cxx-framework\src\extended\proc\p18f4553.asm
                     TOSL   0x000ffd       data     extern E:\3.45\pic18-lt\cxx-framework\src\extended\proc\p18f4553.asm
                     TOSH   0x000ffe       data     extern E:\3.45\pic18-lt\cxx-framework\src\extended\proc\p18f4553.asm
                     TOSU   0x000fff       data     extern E:\3.45\pic18-lt\cxx-framework\src\extended\proc\p18f4553.asm


